
[1m[46m RUN [49m[22m [36mv4.0.15 [39m[90mC:/Users/zakio/Documents/Project/PB-Next/web[39m

node.exe : [31mNo 
test files found, 
exiting with code 1
At line:1 char:1
+ & "C:\Program Files\
nodejs/node.exe" 
"C:\Program 
Files\nodejs/node_mo 
...
+ ~~~~~~~~~~~~~~~~~~~~
~~~~~~~~~~~~~~~~~~~~~~
~~~~~~~~~~~~~~~~~~~~~~
~~~~~
    + CategoryInfo    
          : NotSpeci  
  fied: ([31mNo te   
 st fi...ing with     
code 1:String) []    
, RemoteException
    + FullyQualifiedE 
   rrorId : NativeCo  
  mmandError
 
[39m
[2mfilter: [22m[33m
src/services/quotes/__
tests__/pocketbase-ser
vice.test.ts[39m
[2minclude: [22m[33
msrc/tests/**/*.test.t
s[2m, [22msrc/tests/
**/*.test.tsx[39m
[2mexclude:  [22m[3
3m**/node_modules/**[
2m, 
[22m**/.git/**[39m

