src/app/(dev)/playground-footers/page.tsx(28,18): error TS2741: Property 'lng' is missing in type '{}' but required in type 'FooterWithColumnsProps'.
src/app/(dev)/playground-layouts/homepage/page.tsx(66,29): error TS2322: Type '({ title: string; description: string; icon: ForwardRefExoticComponent<Omit<LucideProps, "ref"> & RefAttributes<SVGSVGElement>>; className: string; theme: "light"; image?: undefined; stat?: undefined; } | { ...; } | { ...; } | { ...; } | { ...; })[]' is not assignable to type 'BentoItem[]'.
  Type '{ title: string; description: string; icon: ForwardRefExoticComponent<Omit<LucideProps, "ref"> & RefAttributes<SVGSVGElement>>; className: string; theme: "light"; image?: undefined; stat?: undefined; } | { ...; } | { ...; } | { ...; } | { ...; }' is not assignable to type 'BentoItem'.
    Type '{ title: string; description: string; icon: React.ForwardRefExoticComponent<Omit<LucideProps, "ref"> & React.RefAttributes<SVGSVGElement>>; className: string; theme: "light"; image?: undefined; stat?: undefined; }' is not assignable to type 'BentoItem'.
      Types of property 'icon' are incompatible.
        Type 'ForwardRefExoticComponent<Omit<LucideProps, "ref"> & RefAttributes<SVGSVGElement>>' is not assignable to type 'ReactNode'.
src/app/[lng]/(public)/equipment/[slug]/product-detail-client.tsx(332,54): error TS2304: Cannot find name 'KitSelections'.
src/app/[lng]/(public)/equipment/[slug]/product-detail-client.tsx(355,36): error TS2304: Cannot find name 'KitSelections'.
src/app/[lng]/(public)/equipment/[slug]/product-detail-client.tsx(471,24): error TS7006: Parameter 'prev' implicitly has an 'any' type.
src/app/[lng]/(public)/quote/page.tsx(418,26): error TS2339: Property 'quoteId' does not exist on type 'Quote | { quoteId: string; confirmationNumber: string; accessToken?: string | undefined; }'.
  Property 'quoteId' does not exist on type 'Quote'.
src/app/[lng]/(public)/quote/page.tsx(419,30): error TS2339: Property 'accessToken' does not exist on type 'Quote | { quoteId: string; confirmationNumber: string; accessToken?: string | undefined; }'.
  Property 'accessToken' does not exist on type 'Quote'.
src/app/[lng]/home-v1r/page.tsx(29,31): error TS2322: Type 'ForwardRefExoticComponent<Omit<LucideProps, "ref"> & RefAttributes<SVGSVGElement>>' is not assignable to type 'ReactNode'.
src/app/[lng]/home-v1r/page.tsx(38,31): error TS2322: Type 'ForwardRefExoticComponent<Omit<LucideProps, "ref"> & RefAttributes<SVGSVGElement>>' is not assignable to type 'ReactNode'.
src/app/[lng]/home-v1r/page.tsx(45,31): error TS2322: Type 'ForwardRefExoticComponent<Omit<LucideProps, "ref"> & RefAttributes<SVGSVGElement>>' is not assignable to type 'ReactNode'.
src/app/[lng]/home-v1r/page.tsx(52,31): error TS2322: Type 'ForwardRefExoticComponent<Omit<LucideProps, "ref"> & RefAttributes<SVGSVGElement>>' is not assignable to type 'ReactNode'.
src/app/[lng]/home-v1r/page.tsx(60,31): error TS2322: Type 'ForwardRefExoticComponent<Omit<LucideProps, "ref"> & RefAttributes<SVGSVGElement>>' is not assignable to type 'ReactNode'.
src/app/[lng]/playground/page.tsx(220,33): error TS2322: Type 'Dispatch<SetStateAction<{ id: number; name: string; avatar: string; secondaryText: string; }>>' is not assignable to type '(value: RichSelectOption) => void'.
  Types of parameters 'value' and 'value' are incompatible.
    Type 'RichSelectOption' is not assignable to type 'SetStateAction<{ id: number; name: string; avatar: string; secondaryText: string; }>'.
      Type 'RichSelectOption' is not assignable to type '{ id: number; name: string; avatar: string; secondaryText: string; }'.
        Types of property 'id' are incompatible.
          Type 'string | number' is not assignable to type 'number'.
            Type 'string' is not assignable to type 'number'.
src/app/api/chat/route.ts(25,13): error TS2353: Object literal may only specify known properties, and 'maxSteps' does not exist in type 'CallSettings & (Prompt & { model: LanguageModel; tools?: { lookup_equipment: Tool<any, any>; } | undefined; toolChoice?: ToolChoice<{ lookup_equipment: Tool<...>; }> | undefined; ... 17 more ...; _internal?: { ...; } | undefined; })'.
src/app/api/chat/route.ts(33,21): error TS2769: No overload matches this call.
  The last overload gave the following error.
    Type '({ query, category }: { query: any; category: any; }) => Promise<{ found: number; equipment: { id: string; name: string; slug: string; category: Category | undefined; description: string; imageUrl: string | undefined; isAvailable: boolean; }[]; error?: undefined; } | { ...; }>' is not assignable to type 'undefined'.
src/app/api/chat/route.ts(33,39): error TS7031: Binding element 'query' implicitly has an 'any' type.
src/app/api/chat/route.ts(33,46): error TS7031: Binding element 'category' implicitly has an 'any' type.
src/app/api/chat/route.ts(76,23): error TS2551: Property 'toDataStreamResponse' does not exist on type 'StreamTextResult<{ lookup_equipment: Tool<any, any>; }, never>'. Did you mean 'toTextStreamResponse'?
src/components/admin/admin-sidebar.tsx(38,13): error TS2339: Property 'user' does not exist on type 'Client & { collection(idOrName: "_authOrigins"): RecordService<AuthoriginsResponse<unknown>>; collection(idOrName: "_externalAuths"): RecordService<ExternalauthsResponse<...>>; collection(idOrName: "_mfas"): RecordService<...>; collection(idOrName: "_otps"): RecordService<...>; collection(idOrName: "_superusers"): R...'.
src/components/admin/admin-sidebar.tsx(38,19): error TS2339: Property 'logout' does not exist on type 'Client & { collection(idOrName: "_authOrigins"): RecordService<AuthoriginsResponse<unknown>>; collection(idOrName: "_externalAuths"): RecordService<ExternalauthsResponse<...>>; collection(idOrName: "_mfas"): RecordService<...>; collection(idOrName: "_otps"): RecordService<...>; collection(idOrName: "_superusers"): R...'.
src/components/application-ui/elements/dropdown.tsx(43,55): error TS2322: Type 'string' is not assignable to type 'never'.
src/components/application-ui/feedback/empty-state.tsx(27,13): error TS2322: Type 'string' is not assignable to type 'never'.
src/components/application-ui/headings/page-heading.tsx(37,40): error TS2322: Type 'string' is not assignable to type 'never'.
src/components/application-ui/headings/page-heading.tsx(57,54): error TS2322: Type 'string' is not assignable to type 'never'.
src/components/application-ui/navigation/command-palette.tsx(82,17): error TS2322: Type '(item: CommandItem) => void' is not assignable to type '(value: CommandItem | null) => void'.
  Types of parameters 'item' and 'value' are incompatible.
    Type 'CommandItem | null' is not assignable to type 'CommandItem'.
      Type 'null' is not assignable to type 'CommandItem'.
src/components/application-ui/navigation/command-palette.tsx(129,49): error TS2322: Type 'string' is not assignable to type 'never'.
src/components/application/authentication/CenteredSignUpWithTopLogo.tsx(21,27): error TS2322: Type '{ size: number; className: string; }' is not assignable to type 'IntrinsicAttributes & SVGProps<SVGSVGElement>'.
  Property 'size' does not exist on type 'IntrinsicAttributes & SVGProps<SVGSVGElement>'.
src/components/application/authentication/SimpleLoginWithoutBackground.tsx(22,31): error TS2322: Type '{ size: number; className: string; }' is not assignable to type 'IntrinsicAttributes & SVGProps<SVGSVGElement>'.
  Property 'size' does not exist on type 'IntrinsicAttributes & SVGProps<SVGSVGElement>'.
src/components/application/authentication/SimpleSignUpWithoutBackground.tsx(19,31): error TS2322: Type '{ size: number; className: string; }' is not assignable to type 'IntrinsicAttributes & SVGProps<SVGSVGElement>'.
  Property 'size' does not exist on type 'IntrinsicAttributes & SVGProps<SVGSVGElement>'.
src/components/application/command-menus/command-menu-with-categories/command-menu-with-categories.tsx(230,22): error TS2554: Expected 1 arguments, but got 0.
src/components/application/layouts/messaging-application/messaging-chat-input.tsx(17,17): error TS2590: Expression produces a union type that is too complex to represent.
src/components/application/layouts/settings-layout/account-setting.tsx(63,64): error TS2322: Type '{ children: string; key: string; value: string; }' is not assignable to type 'IntrinsicAttributes & Omit<ListboxItemBaseProps<object>, "value">'.
  Property 'value' does not exist on type 'IntrinsicAttributes & Omit<ListboxItemBaseProps<object>, "value">'.
src/components/application/layouts/settings-layout/appearance-setting.tsx(48,64): error TS2322: Type '{ children: string; key: string; value: string; }' is not assignable to type 'IntrinsicAttributes & Omit<ListboxItemBaseProps<object>, "value">'.
  Property 'value' does not exist on type 'IntrinsicAttributes & Omit<ListboxItemBaseProps<object>, "value">'.
src/components/application/layouts/settings-layout/billing-setting.tsx(135,67): error TS2322: Type '{ children: string; key: string; value: string; }' is not assignable to type 'IntrinsicAttributes & Omit<ListboxItemBaseProps<object>, "value">'.
  Property 'value' does not exist on type 'IntrinsicAttributes & Omit<ListboxItemBaseProps<object>, "value">'.
src/components/application/layouts/settings-layout/billing-setting.tsx(144,63): error TS2322: Type '{ children: string; key: string; value: string; }' is not assignable to type 'IntrinsicAttributes & Omit<ListboxItemBaseProps<object>, "value">'.
  Property 'value' does not exist on type 'IntrinsicAttributes & Omit<ListboxItemBaseProps<object>, "value">'.
src/components/application/layouts/settings-layout/plan-custom-radio.tsx(22,10): error TS2746: This JSX tag's 'children' prop expects a single child of type 'never', but multiple children were provided.
src/components/application/layouts/settings-layout/plan-custom-radio.tsx(24,13): error TS2322: Type 'string' is not assignable to type 'never'.
src/components/application/layouts/settings-layout/team-setting.tsx(67,76): error TS2322: Type '{ children: string; key: string; value: string; }' is not assignable to type 'IntrinsicAttributes & Omit<ListboxItemBaseProps<object>, "value">'.
  Property 'value' does not exist on type 'IntrinsicAttributes & Omit<ListboxItemBaseProps<object>, "value">'.
src/components/application/layouts/settings-layout/theme-custom-radio.tsx(28,10): error TS2746: This JSX tag's 'children' prop expects a single child of type 'never', but multiple children were provided.
src/components/application/layouts/settings-layout/theme-custom-radio.tsx(30,13): error TS2322: Type 'string' is not assignable to type 'never'.
src/components/application/layouts/shared/SidebarDrawer.tsx(89,21): error TS2322: Type 'Omit<HTMLMotionProps<"section">, "ref"> | { variants: { enter: { x: number; transition: { x: { duration: number; ease: number[]; }; }; }; exit: { x: number; transition: { x: { duration: number; ease: number[]; }; }; }; }; }' is not assignable to type 'Omit<HTMLMotionProps<"section">, "ref"> | undefined'.
  Type '{ variants: { enter: { x: number; transition: { x: { duration: number; ease: number[]; }; }; }; exit: { x: number; transition: { x: { duration: number; ease: number[]; }; }; }; }; }' is not assignable to type 'Omit<HTMLMotionProps<"section">, "ref">'.
    Types of property 'variants' are incompatible.
      Type '{ enter: { x: number; transition: { x: { duration: number; ease: number[]; }; }; }; exit: { x: number; transition: { x: { duration: number; ease: number[]; }; }; }; }' is not assignable to type 'Variants'.
        Property 'enter' is incompatible with index signature.
          Type '{ x: number; transition: { x: { duration: number; ease: number[]; }; }; }' is not assignable to type 'Variant'.
            Type '{ x: number; transition: { x: { duration: number; ease: number[]; }; }; }' is not assignable to type 'TargetAndTransition'.
              Types of property 'transition' are incompatible.
                Type '{ x: { duration: number; ease: number[]; }; }' is not assignable to type 'Transition<any> | undefined'.
                  Type '{ x: { duration: number; ease: number[]; }; }' is not assignable to type 'TransitionWithValueOverrides<any>'.
                    Type '{ x: { duration: number; ease: number[]; }; }' is not assignable to type 'StyleTransitions'.
                      The types of 'x.ease' are incompatible between these types.
                        Type 'number[]' is not assignable to type 'Easing | Easing[] | undefined'.
                          Type 'number[]' is not assignable to type 'EasingFunction | Easing[]'.
                            Type 'number[]' is not assignable to type 'Easing[]'.
                              Type 'number' is not assignable to type 'Easing'.
src/components/chat/chat-widget.tsx(46,9): error TS2353: Object literal may only specify known properties, and 'chatId' does not exist in type 'UseChatOptions<UIMessage<unknown, UIDataTypes, UITools>>'.
src/components/chat/chat-widget.tsx(71,17): error TS2353: Object literal may only specify known properties, and 'content' does not exist in type '(Omit<UIMessage<unknown, UIDataTypes, UITools>, "id" | "role"> & { id?: string | undefined; role?: "user" | "system" | "assistant" | undefined; } & { ...; }) | { ...; } | { ...; }'.
src/components/marketing/hero-cinematic.tsx(154,83): error TS2322: Type 'string' is not assignable to type 'never'.
src/components/marketing/hero-immersive.tsx(64,79): error TS2322: Type 'string' is not assignable to type 'never'.
src/components/marketing/hero-impact.tsx(65,21): error TS2322: Type '{ hidden: { opacity: number; y: number; filter: string; }; visible: { opacity: number; y: number; filter: string; transition: { duration: number; ease: string; }; }; }' is not assignable to type 'Variants'.
  Property 'visible' is incompatible with index signature.
    Type '{ opacity: number; y: number; filter: string; transition: { duration: number; ease: string; }; }' is not assignable to type 'Variant'.
      Type '{ opacity: number; y: number; filter: string; transition: { duration: number; ease: string; }; }' is not assignable to type 'TargetAndTransition'.
        Type '{ opacity: number; y: number; filter: string; transition: { duration: number; ease: string; }; }' is not assignable to type '{ transition?: Transition<any> | undefined; transitionEnd?: ResolvedValues | undefined; }'.
          Types of property 'transition' are incompatible.
            Type '{ duration: number; ease: string; }' is not assignable to type 'Transition<any> | undefined'.
              Type '{ duration: number; ease: string; }' is not assignable to type 'TransitionWithValueOverrides<any>'.
                Type '{ duration: number; ease: string; }' is not assignable to type 'ValueAnimationTransition<any>'.
                  Types of property 'ease' are incompatible.
                    Type 'string' is not assignable to type 'Easing | Easing[] | undefined'.
src/components/ui/globe.tsx(67,22): error TS2554: Expected 1 arguments, but got 0.
src/lib/actions/cart.ts(47,74): error TS2304: Cannot find name 'CartItem'.
src/lib/actions/cart.ts(63,18): error TS2304: Cannot find name 'CartItem'.
src/lib/actions/cart.ts(87,50): error TS2304: Cannot find name 'CartItem'.
src/lib/actions/cart.ts(153,29): error TS2322: Type 'ResolvedKit | null' is not assignable to type 'ResolvedKit | undefined'.
  Type 'null' is not assignable to type 'ResolvedKit | undefined'.
src/lib/actions/quote.ts(178,11): error TS2322: Type 'string | undefined' is not assignable to type 'string'.
  Type 'undefined' is not assignable to type 'string'.
src/lib/actions/quote.ts(186,32): error TS2339: Property 'quoteId' does not exist on type 'Quote | { quoteId: string; confirmationNumber: string; accessToken?: string | undefined; }'.
  Property 'quoteId' does not exist on type 'Quote'.
src/lib/actions/quote.ts(187,36): error TS2339: Property 'accessToken' does not exist on type 'Quote | { quoteId: string; confirmationNumber: string; accessToken?: string | undefined; }'.
  Property 'accessToken' does not exist on type 'Quote'.
src/lib/actions/quote.ts(204,11): error TS2322: Type 'string | undefined' is not assignable to type 'string'.
  Type 'undefined' is not assignable to type 'string'.
src/lib/actions/quote.ts(210,32): error TS2339: Property 'quoteId' does not exist on type 'Quote | { quoteId: string; confirmationNumber: string; accessToken?: string | undefined; }'.
  Property 'quoteId' does not exist on type 'Quote'.
